#! /usr/bin/vvp
:ivl_version "12.0 (stable)";
:ivl_delay_selection "TYPICAL";
:vpi_time_precision - 12;
:vpi_module "/usr/lib/x86_64-linux-gnu/ivl/system.vpi";
:vpi_module "/usr/lib/x86_64-linux-gnu/ivl/vhdl_sys.vpi";
:vpi_module "/usr/lib/x86_64-linux-gnu/ivl/vhdl_textio.vpi";
:vpi_module "/usr/lib/x86_64-linux-gnu/ivl/v2005_math.vpi";
:vpi_module "/usr/lib/x86_64-linux-gnu/ivl/va_math.vpi";
S_0x5a0e97763450 .scope module, "adder_tb" "adder_tb" 2 3;
 .timescale -9 -12;
v0x5a0e9778b230_0 .var/s "a", 7 0;
v0x5a0e9778b2f0_0 .var/s "b", 7 0;
v0x5a0e9778b3c0_0 .net/s "sum", 8 0, L_0x5a0e9778b6d0;  1 drivers
S_0x5a0e97776870 .scope module, "uut" "adder" 2 8, 3 1 0, S_0x5a0e97763450;
 .timescale 0 0;
    .port_info 0 /INPUT 8 "a";
    .port_info 1 /INPUT 8 "b";
    .port_info 2 /OUTPUT 9 "y";
v0x5a0e97776aa0_0 .net/s *"_ivl_0", 8 0, L_0x5a0e9778b4c0;  1 drivers
v0x5a0e9778ae00_0 .net/s *"_ivl_2", 8 0, L_0x5a0e9778b5e0;  1 drivers
v0x5a0e9778aee0_0 .net/s "a", 7 0, v0x5a0e9778b230_0;  1 drivers
v0x5a0e9778afa0_0 .net/s "b", 7 0, v0x5a0e9778b2f0_0;  1 drivers
v0x5a0e9778b080_0 .net/s "y", 8 0, L_0x5a0e9778b6d0;  alias, 1 drivers
L_0x5a0e9778b4c0 .extend/s 9, v0x5a0e9778b230_0;
L_0x5a0e9778b5e0 .extend/s 9, v0x5a0e9778b2f0_0;
L_0x5a0e9778b6d0 .arith/sum 9, L_0x5a0e9778b4c0, L_0x5a0e9778b5e0;
    .scope S_0x5a0e97763450;
T_0 ;
    %vpi_call 2 15 "$dumpfile", "adder_tb.vcd" {0 0 0};
    %vpi_call 2 16 "$dumpvars", 32'sb00000000000000000000000000000000, S_0x5a0e97763450 {0 0 0};
    %pushi/vec4 0, 0, 8;
    %store/vec4 v0x5a0e9778b230_0, 0, 8;
    %pushi/vec4 0, 0, 8;
    %store/vec4 v0x5a0e9778b2f0_0, 0, 8;
    %delay 10000, 0;
    %pushi/vec4 15, 0, 8;
    %store/vec4 v0x5a0e9778b230_0, 0, 8;
    %pushi/vec4 10, 0, 8;
    %store/vec4 v0x5a0e9778b2f0_0, 0, 8;
    %delay 10000, 0;
    %pushi/vec4 236, 0, 8;
    %store/vec4 v0x5a0e9778b230_0, 0, 8;
    %pushi/vec4 5, 0, 8;
    %store/vec4 v0x5a0e9778b2f0_0, 0, 8;
    %delay 10000, 0;
    %pushi/vec4 156, 0, 8;
    %store/vec4 v0x5a0e9778b230_0, 0, 8;
    %pushi/vec4 206, 0, 8;
    %store/vec4 v0x5a0e9778b2f0_0, 0, 8;
    %delay 10000, 0;
    %vpi_call 2 27 "$display", "a=%0d b=%0d sum=%0d", v0x5a0e9778b230_0, v0x5a0e9778b2f0_0, v0x5a0e9778b3c0_0 {0 0 0};
    %vpi_call 2 28 "$finish" {0 0 0};
    %end;
    .thread T_0;
    .scope S_0x5a0e97763450;
T_1 ;
    %vpi_call 2 32 "$monitor", "%0t a=%0d b=%0d sum=%0d", $time, v0x5a0e9778b230_0, v0x5a0e9778b2f0_0, v0x5a0e9778b3c0_0 {0 0 0};
    %end;
    .thread T_1;
# The file index is used to find the file name in the following table.
:file_names 4;
    "N/A";
    "<interactive>";
    "../tb/adder_tb.v";
    "../RTL/adder.v";
